2026-06-12 10:07:41 [main] INFO  org.testng.internal.Utils - [TestNG] Running:
  C:\Users\pvs83\Downloads\SeleniumHybridFramework (4)\SeleniumFramework\src\test\resources\testng.xml

2026-06-12 10:07:41 [TestNG-tests-1] INFO  com.guielements.utils.ConfigReader - Config loaded successfully
2026-06-12 10:07:41 [TestNG-tests-1] INFO  com.guielements.utils.ExtentReportManager - Extent Report will be saved at: C:\Users\pvs83\Downloads\SeleniumHybridFramework (4)\SeleniumFramework\reports\ExtentReport.html
2026-06-12 10:07:42 [TestNG-tests-1] INFO  com.guielements.base.BaseClass - Launching browser: chrome
2026-06-12 10:07:42 [TestNG-tests-2] INFO  com.guielements.base.BaseClass - Launching browser: edge
2026-06-12 10:07:44 [TestNG-tests-2] WARN  io.github.bonigarcia.wdm.versions.VersionDetector - Exception reading https://msedgedriver.azureedge.net/LATEST_RELEASE_149_WINDOWS to get latest version of msedgedriver (No such host is known (msedgedriver.azureedge.net))
2026-06-12 10:07:44 [TestNG-tests-2] WARN  io.github.bonigarcia.wdm.versions.VersionDetector - Exception reading https://msedgedriver.azureedge.net/LATEST_STABLE to get latest version of msedgedriver (msedgedriver.azureedge.net)
2026-06-12 10:07:44 [TestNG-tests-2] INFO  io.github.bonigarcia.wdm.WebDriverManager - Reading https://msedgedriver.azureedge.net/?restype=container&comp=list to seek msedgedriver
2026-06-12 10:07:44 [TestNG-tests-2] WARN  io.github.bonigarcia.wdm.WebDriverManager - There was an error managing msedgedriver (latest version) (java.net.UnknownHostException: msedgedriver.azureedge.net) ... trying again using latest driver stored in cache
2026-06-12 10:07:44 [TestNG-tests-2] WARN  io.github.bonigarcia.wdm.versions.VersionDetector - Exception reading https://msedgedriver.azureedge.net/LATEST_STABLE to get latest version of msedgedriver (msedgedriver.azureedge.net)
2026-06-12 10:07:44 [TestNG-tests-2] INFO  io.github.bonigarcia.wdm.WebDriverManager - Reading https://msedgedriver.azureedge.net/?restype=container&comp=list to seek msedgedriver
2026-06-12 10:07:44 [TestNG-tests-2] ERROR io.github.bonigarcia.wdm.WebDriverManager - There was an error managing msedgedriver (latest version) (java.net.UnknownHostException: msedgedriver.azureedge.net)
io.github.bonigarcia.wdm.config.WebDriverManagerException: java.net.UnknownHostException: msedgedriver.azureedge.net
	at io.github.bonigarcia.wdm.WebDriverManager.getDriversFromXml(WebDriverManager.java:1565) ~[webdrivermanager-5.7.0.jar:?]
	at io.github.bonigarcia.wdm.managers.EdgeDriverManager.getDriverUrls(EdgeDriverManager.java:115) ~[webdrivermanager-5.7.0.jar:?]
	at io.github.bonigarcia.wdm.WebDriverManager.createUrlHandler(WebDriverManager.java:1435) ~[webdrivermanager-5.7.0.jar:?]
	at io.github.bonigarcia.wdm.WebDriverManager.download(WebDriverManager.java:1267) ~[webdrivermanager-5.7.0.jar:?]
	at io.github.bonigarcia.wdm.WebDriverManager.manage(WebDriverManager.java:1183) ~[webdrivermanager-5.7.0.jar:?]
	at io.github.bonigarcia.wdm.WebDriverManager.fallback(WebDriverManager.java:1430) ~[webdrivermanager-5.7.0.jar:?]
	at io.github.bonigarcia.wdm.WebDriverManager.handleException(WebDriverManager.java:1408) ~[webdrivermanager-5.7.0.jar:?]
	at io.github.bonigarcia.wdm.WebDriverManager.manage(WebDriverManager.java:1189) ~[webdrivermanager-5.7.0.jar:?]
	at io.github.bonigarcia.wdm.WebDriverManager.setup(WebDriverManager.java:426) ~[webdrivermanager-5.7.0.jar:?]
	at com.guielements.base.BaseClass.createDriver(BaseClass.java:63) ~[classes/:?]
	at com.guielements.base.BaseClass.setUp(BaseClass.java:36) ~[classes/:?]
	at java.base/jdk.internal.reflect.DirectMethodHandleAccessor.invoke(DirectMethodHandleAccessor.java:103) ~[?:?]
	at java.base/java.lang.reflect.Method.invoke(Method.java:580) ~[?:?]
	at org.testng.internal.invokers.MethodInvocationHelper.invokeMethod(MethodInvocationHelper.java:139) ~[testng-7.9.0.jar:7.9.0]
	at org.testng.internal.invokers.MethodInvocationHelper.invokeMethodConsideringTimeout(MethodInvocationHelper.java:69) ~[testng-7.9.0.jar:7.9.0]
	at org.testng.internal.invokers.ConfigInvoker.invokeConfigurationMethod(ConfigInvoker.java:393) ~[testng-7.9.0.jar:7.9.0]
	at org.testng.internal.invokers.ConfigInvoker.invokeConfigurations(ConfigInvoker.java:326) ~[testng-7.9.0.jar:7.9.0]
	at org.testng.internal.invokers.TestMethodWorker.invokeBeforeClassMethods(TestMethodWorker.java:180) ~[testng-7.9.0.jar:7.9.0]
	at org.testng.internal.invokers.TestMethodWorker.run(TestMethodWorker.java:122) ~[testng-7.9.0.jar:7.9.0]
	at java.base/java.util.ArrayList.forEach(ArrayList.java:1596) ~[?:?]
	at org.testng.TestRunner.privateRun(TestRunner.java:819) ~[testng-7.9.0.jar:7.9.0]
	at org.testng.TestRunner.run(TestRunner.java:619) ~[testng-7.9.0.jar:7.9.0]
	at org.testng.SuiteRunner.runTest(SuiteRunner.java:443) ~[testng-7.9.0.jar:7.9.0]
	at org.testng.SuiteRunner$SuiteWorker.run(SuiteRunner.java:481) ~[testng-7.9.0.jar:7.9.0]
	at org.testng.internal.thread.ThreadUtil.lambda$execute$0(ThreadUtil.java:58) ~[testng-7.9.0.jar:7.9.0]
	at java.base/java.util.concurrent.FutureTask.run(FutureTask.java:317) ~[?:?]
	at java.base/java.util.concurrent.ThreadPoolExecutor.runWorker(ThreadPoolExecutor.java:1144) ~[?:?]
	at java.base/java.util.concurrent.ThreadPoolExecutor$Worker.run(ThreadPoolExecutor.java:642) ~[?:?]
	at java.base/java.lang.Thread.run(Thread.java:1583) [?:?]
Caused by: java.net.UnknownHostException: msedgedriver.azureedge.net
	at java.base/java.net.InetAddress$CachedLookup.get(InetAddress.java:988) ~[?:?]
	at java.base/java.net.InetAddress.getAllByName0(InetAddress.java:1818) ~[?:?]
	at java.base/java.net.InetAddress.getAllByName(InetAddress.java:1688) ~[?:?]
	at org.apache.hc.client5.http.SystemDefaultDnsResolver.resolve(SystemDefaultDnsResolver.java:43) ~[httpclient5-5.2.1.jar:5.2.1]
	at org.apache.hc.client5.http.impl.io.DefaultHttpClientConnectionOperator.connect(DefaultHttpClientConnectionOperator.java:141) ~[httpclient5-5.2.1.jar:5.2.1]
	at org.apache.hc.client5.http.impl.io.PoolingHttpClientConnectionManager.connect(PoolingHttpClientConnectionManager.java:447) ~[httpclient5-5.2.1.jar:5.2.1]
	at org.apache.hc.client5.http.impl.classic.InternalExecRuntime.connectEndpoint(InternalExecRuntime.java:162) ~[httpclient5-5.2.1.jar:5.2.1]
	at org.apache.hc.client5.http.impl.classic.InternalExecRuntime.connectEndpoint(InternalExecRuntime.java:172) ~[httpclient5-5.2.1.jar:5.2.1]
	at org.apache.hc.client5.http.impl.classic.ConnectExec.execute(ConnectExec.java:142) ~[httpclient5-5.2.1.jar:5.2.1]
	at org.apache.hc.client5.http.impl.classic.ExecChainElement.execute(ExecChainElement.java:51) ~[httpclient5-5.2.1.jar:5.2.1]
	at org.apache.hc.client5.http.impl.classic.ProtocolExec.execute(ProtocolExec.java:192) ~[httpclient5-5.2.1.jar:5.2.1]
	at org.apache.hc.client5.http.impl.classic.ExecChainElement.execute(ExecChainElement.java:51) ~[httpclient5-5.2.1.jar:5.2.1]
	at org.apache.hc.client5.http.impl.classic.HttpRequestRetryExec.execute(HttpRequestRetryExec.java:96) ~[httpclient5-5.2.1.jar:5.2.1]
	at org.apache.hc.client5.http.impl.classic.ExecChainElement.execute(ExecChainElement.java:51) ~[httpclient5-5.2.1.jar:5.2.1]
	at org.apache.hc.client5.http.impl.classic.ContentCompressionExec.execute(ContentCompressionExec.java:152) ~[httpclient5-5.2.1.jar:5.2.1]
	at org.apache.hc.client5.http.impl.classic.ExecChainElement.execute(ExecChainElement.java:51) ~[httpclient5-5.2.1.jar:5.2.1]
	at org.apache.hc.client5.http.impl.classic.RedirectExec.execute(RedirectExec.java:115) ~[httpclient5-5.2.1.jar:5.2.1]
	at org.apache.hc.client5.http.impl.classic.ExecChainElement.execute(ExecChainElement.java:51) ~[httpclient5-5.2.1.jar:5.2.1]
	at org.apache.hc.client5.http.impl.classic.InternalHttpClient.doExecute(InternalHttpClient.java:170) ~[httpclient5-5.2.1.jar:5.2.1]
	at org.apache.hc.client5.http.impl.classic.CloseableHttpClient.execute(CloseableHttpClient.java:87) ~[httpclient5-5.2.1.jar:5.2.1]
	at org.apache.hc.client5.http.impl.classic.CloseableHttpClient.execute(CloseableHttpClient.java:55) ~[httpclient5-5.2.1.jar:5.2.1]
	at org.apache.hc.client5.http.classic.HttpClient.executeOpen(HttpClient.java:183) ~[httpclient5-5.2.1.jar:5.2.1]
	at io.github.bonigarcia.wdm.online.HttpClient.execute(HttpClient.java:157) ~[webdrivermanager-5.7.0.jar:?]
	at io.github.bonigarcia.wdm.WebDriverManager.getDriversFromXml(WebDriverManager.java:1550) ~[webdrivermanager-5.7.0.jar:?]
	... 28 more
2026-06-12 10:07:44 [TestNG-tests-2] WARN  com.guielements.base.BaseClass - WebDriverManager failed for Edge, using local driver: C:\drivers\msedgedriver.exe
2026-06-12 10:07:44 [TestNG-tests-1] INFO  io.github.bonigarcia.wdm.WebDriverManager - Using chromedriver 149.0.7827.115 (resolved driver for Chrome 149)
2026-06-12 10:07:44 [TestNG-tests-1] INFO  io.github.bonigarcia.wdm.online.Downloader - Downloading https://storage.googleapis.com/chrome-for-testing-public/149.0.7827.115/win64/chromedriver-win64.zip
2026-06-12 10:07:48 [TestNG-tests-1] INFO  io.github.bonigarcia.wdm.online.Downloader - Extracting driver from compressed file chromedriver-win64.zip
2026-06-12 10:07:49 [TestNG-tests-1] INFO  io.github.bonigarcia.wdm.WebDriverManager - Exporting webdriver.chrome.driver as C:\Users\pvs83\.cache\selenium\chromedriver\win64\149.0.7827.115\chromedriver.exe
2026-06-12 10:07:51 [TestNG-tests-2] INFO  com.guielements.base.BaseClass - Navigated to: https://testautomationpractice.blogspot.com
2026-06-12 10:07:55 [TestNG-tests-1] INFO  com.guielements.base.BaseClass - Navigated to: https://testautomationpractice.blogspot.com
2026-06-12 10:07:56 [TestNG-tests-2] INFO  com.guielements.utils.ExcelReader - Excel loaded: testdata/GUITestData.xlsx | Sheet: GUIData | Rows: 1
2026-06-12 10:07:56 [TestNG-tests-2] INFO  com.guielements.tests.GUIElementsTest - Excel data loaded successfully
2026-06-12 10:07:56 [TestNG-tests-2] INFO  com.guielements.tests.GUIElementsTest - Page object initialized
2026-06-12 10:07:56 [TestNG-tests-2] INFO  com.guielements.utils.ExtentReportManager - Test started: testTextFields [edge]
2026-06-12 10:07:56 [TestNG-tests-2] INFO  com.guielements.pages.GUIElementsPage - Name entered: John Doe
2026-06-12 10:07:57 [TestNG-tests-2] INFO  com.guielements.pages.GUIElementsPage - Email entered: johndoe@example.com
2026-06-12 10:07:57 [TestNG-tests-2] INFO  com.guielements.pages.GUIElementsPage - Phone entered: 9876543210
2026-06-12 10:07:57 [TestNG-tests-2] INFO  com.guielements.pages.GUIElementsPage - Address entered: 123, Baker Street, London
2026-06-12 10:07:57 [TestNG-tests-2] INFO  com.guielements.utils.ExtentReportManager - PASSED: testTextFields
2026-06-12 10:07:57 [TestNG-tests-2] INFO  com.guielements.utils.ExtentReportManager - Test started: testRadioButton [edge]
2026-06-12 10:07:58 [TestNG-tests-2] INFO  com.guielements.pages.GUIElementsPage - Gender selected: male
2026-06-12 10:07:58 [TestNG-tests-2] INFO  com.guielements.utils.ExtentReportManager - PASSED: testRadioButton
2026-06-12 10:07:58 [TestNG-tests-2] INFO  com.guielements.utils.ExtentReportManager - Test started: testCheckboxes [edge]
2026-06-12 10:07:58 [TestNG-tests-2] INFO  com.guielements.pages.GUIElementsPage - Day checked: monday
2026-06-12 10:07:58 [TestNG-tests-2] INFO  com.guielements.pages.GUIElementsPage - Day checked: wednesday
2026-06-12 10:07:58 [TestNG-tests-1] INFO  com.guielements.utils.ExcelReader - Excel loaded: testdata/GUITestData.xlsx | Sheet: GUIData | Rows: 1
2026-06-12 10:07:58 [TestNG-tests-1] INFO  com.guielements.tests.GUIElementsTest - Excel data loaded successfully
2026-06-12 10:07:58 [TestNG-tests-1] INFO  com.guielements.tests.GUIElementsTest - Page object initialized
2026-06-12 10:07:58 [TestNG-tests-1] INFO  com.guielements.utils.ExtentReportManager - Test started: testTextFields [chrome]
2026-06-12 10:07:59 [TestNG-tests-2] INFO  com.guielements.pages.GUIElementsPage - Day checked: friday
2026-06-12 10:07:59 [TestNG-tests-2] INFO  com.guielements.utils.ExtentReportManager - PASSED: testCheckboxes
2026-06-12 10:07:59 [TestNG-tests-2] INFO  com.guielements.utils.ExtentReportManager - Test started: testDropdowns [edge]
2026-06-12 10:07:59 [TestNG-tests-1] INFO  com.guielements.pages.GUIElementsPage - Name entered: John Doe
2026-06-12 10:07:59 [TestNG-tests-1] INFO  com.guielements.pages.GUIElementsPage - Email entered: johndoe@example.com
2026-06-12 10:07:59 [TestNG-tests-2] INFO  com.guielements.pages.GUIElementsPage - Country selected: India
2026-06-12 10:07:59 [TestNG-tests-1] INFO  com.guielements.pages.GUIElementsPage - Phone entered: 9876543210
2026-06-12 10:08:00 [TestNG-tests-1] INFO  com.guielements.pages.GUIElementsPage - Address entered: 123, Baker Street, London
2026-06-12 10:08:00 [TestNG-tests-1] INFO  com.guielements.utils.ExtentReportManager - PASSED: testTextFields
2026-06-12 10:08:00 [TestNG-tests-1] INFO  com.guielements.utils.ExtentReportManager - Test started: testRadioButton [chrome]
2026-06-12 10:08:00 [TestNG-tests-2] INFO  com.guielements.pages.GUIElementsPage - Color selected: Green
2026-06-12 10:08:00 [TestNG-tests-2] INFO  com.guielements.utils.ExtentReportManager - PASSED: testDropdowns
2026-06-12 10:08:00 [TestNG-tests-2] INFO  com.guielements.utils.ExtentReportManager - Test started: testDatePicker [edge]
2026-06-12 10:08:00 [TestNG-tests-1] INFO  com.guielements.pages.GUIElementsPage - Gender selected: male
2026-06-12 10:08:00 [TestNG-tests-1] INFO  com.guielements.utils.ExtentReportManager - PASSED: testRadioButton
2026-06-12 10:08:00 [TestNG-tests-1] INFO  com.guielements.utils.ExtentReportManager - Test started: testCheckboxes [chrome]
2026-06-12 10:08:00 [TestNG-tests-1] INFO  com.guielements.pages.GUIElementsPage - Day checked: monday
2026-06-12 10:08:01 [TestNG-tests-1] INFO  com.guielements.pages.GUIElementsPage - Day checked: wednesday
2026-06-12 10:08:01 [TestNG-tests-1] INFO  com.guielements.pages.GUIElementsPage - Day checked: friday
2026-06-12 10:08:01 [TestNG-tests-1] INFO  com.guielements.utils.ExtentReportManager - PASSED: testCheckboxes
2026-06-12 10:08:01 [TestNG-tests-1] INFO  com.guielements.utils.ExtentReportManager - Test started: testDropdowns [chrome]
2026-06-12 10:08:01 [TestNG-tests-2] INFO  com.guielements.pages.GUIElementsPage - Date entered: 06/08/2026
2026-06-12 10:08:01 [TestNG-tests-2] INFO  com.guielements.utils.ExtentReportManager - PASSED: testDatePicker
2026-06-12 10:08:01 [TestNG-tests-2] INFO  com.guielements.utils.ExtentReportManager - Test started: testSimpleAlert [edge]
2026-06-12 10:08:01 [TestNG-tests-1] INFO  com.guielements.pages.GUIElementsPage - Country selected: India
2026-06-12 10:08:02 [TestNG-tests-1] INFO  com.guielements.pages.GUIElementsPage - Color selected: Green
2026-06-12 10:08:02 [TestNG-tests-1] INFO  com.guielements.utils.ExtentReportManager - PASSED: testDropdowns
2026-06-12 10:08:02 [TestNG-tests-1] INFO  com.guielements.utils.ExtentReportManager - Test started: testDatePicker [chrome]
2026-06-12 10:08:03 [TestNG-tests-1] INFO  com.guielements.pages.GUIElementsPage - Date entered: 06/08/2026
2026-06-12 10:08:03 [TestNG-tests-1] INFO  com.guielements.utils.ExtentReportManager - PASSED: testDatePicker
2026-06-12 10:08:03 [TestNG-tests-1] INFO  com.guielements.utils.ExtentReportManager - Test started: testSimpleAlert [chrome]
2026-06-12 10:08:04 [TestNG-tests-2] INFO  com.guielements.pages.GUIElementsPage - Simple Alert accepted: I am an alert box!
2026-06-12 10:08:04 [TestNG-tests-2] INFO  com.guielements.utils.ExtentReportManager - PASSED: testSimpleAlert
2026-06-12 10:08:04 [TestNG-tests-2] INFO  com.guielements.utils.ExtentReportManager - Test started: testConfirmationAlert [edge]
2026-06-12 10:08:05 [TestNG-tests-1] INFO  com.guielements.pages.GUIElementsPage - Simple Alert accepted: I am an alert box!
2026-06-12 10:08:05 [TestNG-tests-1] INFO  com.guielements.utils.ExtentReportManager - PASSED: testSimpleAlert
2026-06-12 10:08:05 [TestNG-tests-1] INFO  com.guielements.utils.ExtentReportManager - Test started: testConfirmationAlert [chrome]
2026-06-12 10:08:07 [TestNG-tests-1] INFO  com.guielements.pages.GUIElementsPage - Confirmation Alert accepted: Press a button!
2026-06-12 10:08:07 [TestNG-tests-1] INFO  com.guielements.utils.ExtentReportManager - PASSED: testConfirmationAlert
2026-06-12 10:08:07 [TestNG-tests-1] INFO  com.guielements.utils.ExtentReportManager - Test started: testPromptAlert [chrome]
2026-06-12 10:08:07 [TestNG-tests-2] INFO  com.guielements.pages.GUIElementsPage - Confirmation Alert accepted: Press a button!
2026-06-12 10:08:07 [TestNG-tests-2] INFO  com.guielements.utils.ExtentReportManager - PASSED: testConfirmationAlert
2026-06-12 10:08:07 [TestNG-tests-2] INFO  com.guielements.utils.ExtentReportManager - Test started: testPromptAlert [edge]
2026-06-12 10:08:09 [TestNG-tests-2] INFO  com.guielements.pages.GUIElementsPage - Prompt Alert accepted. Input: TestUser
2026-06-12 10:08:09 [TestNG-tests-2] INFO  com.guielements.utils.ExtentReportManager - PASSED: testPromptAlert
2026-06-12 10:08:09 [TestNG-tests-2] INFO  com.guielements.utils.ExtentReportManager - Test started: testMouseHover [edge]
2026-06-12 10:08:10 [TestNG-tests-1] INFO  com.guielements.pages.GUIElementsPage - Prompt Alert accepted. Input: TestUser
2026-06-12 10:08:10 [TestNG-tests-1] INFO  com.guielements.utils.ExtentReportManager - PASSED: testPromptAlert
2026-06-12 10:08:10 [TestNG-tests-1] INFO  com.guielements.utils.ExtentReportManager - Test started: testMouseHover [chrome]
2026-06-12 10:08:12 [TestNG-tests-2] INFO  com.guielements.pages.GUIElementsPage - Mouse Hover performed on Point Me button
2026-06-12 10:08:12 [TestNG-tests-2] INFO  com.guielements.utils.ExtentReportManager - PASSED: testMouseHover
2026-06-12 10:08:12 [TestNG-tests-2] INFO  com.guielements.utils.ExtentReportManager - Test started: testDoubleClick [edge]
2026-06-12 10:08:12 [TestNG-tests-1] INFO  com.guielements.pages.GUIElementsPage - Mouse Hover performed on Point Me button
2026-06-12 10:08:12 [TestNG-tests-1] INFO  com.guielements.utils.ExtentReportManager - PASSED: testMouseHover
2026-06-12 10:08:12 [TestNG-tests-1] INFO  com.guielements.utils.ExtentReportManager - Test started: testDoubleClick [chrome]
2026-06-12 10:08:13 [TestNG-tests-2] INFO  com.guielements.pages.GUIElementsPage - Double Click performed
2026-06-12 10:08:13 [TestNG-tests-2] INFO  com.guielements.utils.ExtentReportManager - PASSED: testDoubleClick
2026-06-12 10:08:13 [TestNG-tests-2] INFO  com.guielements.utils.ExtentReportManager - Test started: testDragAndDrop [edge]
2026-06-12 10:08:13 [TestNG-tests-1] INFO  com.guielements.pages.GUIElementsPage - Double Click performed
2026-06-12 10:08:13 [TestNG-tests-1] INFO  com.guielements.utils.ExtentReportManager - PASSED: testDoubleClick
2026-06-12 10:08:13 [TestNG-tests-1] INFO  com.guielements.utils.ExtentReportManager - Test started: testDragAndDrop [chrome]
2026-06-12 10:08:15 [TestNG-tests-2] INFO  com.guielements.pages.GUIElementsPage - Drag and Drop performed
2026-06-12 10:08:15 [TestNG-tests-2] INFO  com.guielements.utils.ExtentReportManager - PASSED: testDragAndDrop
2026-06-12 10:08:15 [TestNG-tests-2] INFO  com.guielements.utils.ExtentReportManager - Test started: testSlider [edge]
2026-06-12 10:08:15 [TestNG-tests-1] INFO  com.guielements.pages.GUIElementsPage - Drag and Drop performed
2026-06-12 10:08:15 [TestNG-tests-1] INFO  com.guielements.utils.ExtentReportManager - PASSED: testDragAndDrop
2026-06-12 10:08:15 [TestNG-tests-1] INFO  com.guielements.utils.ExtentReportManager - Test started: testSlider [chrome]
2026-06-12 10:08:17 [TestNG-tests-2] INFO  com.guielements.pages.GUIElementsPage - Slider moved 10 steps
2026-06-12 10:08:17 [TestNG-tests-2] INFO  com.guielements.utils.ExtentReportManager - PASSED: testSlider
2026-06-12 10:08:17 [TestNG-tests-1] INFO  com.guielements.pages.GUIElementsPage - Slider moved 10 steps
2026-06-12 10:08:17 [TestNG-tests-1] INFO  com.guielements.utils.ExtentReportManager - PASSED: testSlider
2026-06-12 10:08:19 [TestNG-tests-2] INFO  com.guielements.base.BaseClass - Browser closed
2026-06-12 10:08:19 [TestNG-tests-1] INFO  com.guielements.base.BaseClass - Browser closed
2026-06-12 10:08:20 [TestNG-tests-2] INFO  com.guielements.utils.ExtentReportManager - Extent Report saved successfully.
